[certy.px-lab.com/html/demo4/index.html]
[backblue.gif]
[fade.gif]
[index.html]
[certy.px-lab.com/html/demo4/apple-touch-icon.png]
[certy.px-lab.com/html/demo4/favicon.ico]
[www.google-analytics.com/analytics.js]
[certy.px-lab.com/html/demo4/portfolio.html]
[certy.px-lab.com/html/demo4/typography.html]
[certy.px-lab.com/html/demo4/components.html]
[certy.px-lab.com/html/demo4/search.html]
[certy.px-lab.com/html/demo4/404.html]
[certy.px-lab.com/html/demo4/category.html]
[certy.px-lab.com/html/demo4/single.html]
[certy.px-lab.com/html/demo4/single-image.html]
[certy.px-lab.com/html/demo4/single-slider.html]
[certy.px-lab.com/html/demo4/single-youtube.html]
[certy.px-lab.com/html/demo4/single-vimeo.html]
[certy.px-lab.com/html/demo4/single-dailymotion.html]
[certy.px-lab.com/html/demo4/single-soundcloud.html]
[certy.px-lab.com/html/demo4/single-video.html]
[certy.px-lab.com/html/demo4/single-audio.html]
[certy.px-lab.com/html/demo4/contact.html]
[certy.px-lab.com/html/demo4/assets/images/uploads/avatar/avatar-42x42.png]
[certy.px-lab.com/html/demo4/experience.html]
[certy.px-lab.com/html/demo4/testimonials.html]
[certy.px-lab.com/html/demo4/assets/images/uploads/avatar/avatar-195x195.png]
[certy.px-lab.com/html/demo4/assets/images/uploads/awards/award-01.png]
[certy.px-lab.com/html/demo4/assets/images/uploads/awards/award-02.png]
[certy.px-lab.com/html/demo4/assets/images/uploads/blog/img-70x70-01.png]
[certy.px-lab.com/html/demo4/assets/images/uploads/blog/img-70x70-02.jpg]
[certy.px-lab.com/html/demo4/assets/images/uploads/blog/img-70x70-03.png]
[ajax.googleapis.com/ajax/libs/jquery/1.12.4/jquery.min.js]
[s7.addthis.com/js/300/addthis_widget.js]
[certy.px-lab.com/html/demo4/index.html]
[certy.px-lab.com/html/demo4/assets/fonts/icomoon/fonts/icomoond3a2.ttf]
[certy.px-lab.com/html/demo4/assets/fonts/icomoon/fonts/icomoond3a2.woff]
[certy.px-lab.com/html/demo4/assets/fonts/icomoon/style.css]
[certy.px-lab.com/html/demo4/assets/css/plugins.min.css]
[certy.px-lab.com/html/demo4/assets/css/style.min.css]
[certy.px-lab.com/html/demo4/assets/js/vendor/modernizr-3.3.1.min.js]
[certy.px-lab.com/html/demo4/assets/images/uploads/brand/logo.svg]
[certy.px-lab.com/html/demo4/assets/images/uploads/portfolio/prj-01.jpg]
[certy.px-lab.com/html/demo4/assets/images/uploads/portfolio/prj-rel-01.jpg]
[certy.px-lab.com/html/demo4/assets/images/uploads/portfolio/prj-02.jpg]
[certy.px-lab.com/html/demo4/assets/images/uploads/portfolio/prj-03.jpg]
[certy.px-lab.com/html/demo4/assets/images/uploads/portfolio/prj-04.jpg]
[certy.px-lab.com/html/demo4/assets/images/uploads/portfolio/prj-05.jpg]
[certy.px-lab.com/html/demo4/assets/images/uploads/portfolio/prj-06.jpg]
[certy.px-lab.com/html/demo4/portfolio.html]
[certy.px-lab.com/html/demo4/typography.html]
[certy.px-lab.com/html/demo4/components.html]
[certy.px-lab.com/html/demo4/search.html]
[certy.px-lab.com/html/demo4/404.html]
[certy.px-lab.com/html/demo4/assets/images/uploads/blog/post-image.jpg]
[certy.px-lab.com/html/demo4/assets/images/uploads/blog/slider-img.png]
[certy.px-lab.com/html/demo4/assets/images/uploads/blog/video-img.png]
[certy.px-lab.com/html/demo4/category.html]
[certy.px-lab.com/html/demo4/assets/images/uploads/blog/post-info-img.jpg]
[certy.px-lab.com/html/demo4/assets/images/uploads/blog/prev-post-image.png]
[certy.px-lab.com/html/demo4/assets/images/uploads/blog/next-post-image.png]
[certy.px-lab.com/html/demo4/assets/images/uploads/avatar/avatar-58x58-01.png]
[certy.px-lab.com/html/demo4/assets/images/uploads/avatar/avatar-58x58-default.png]
[certy.px-lab.com/html/demo4/single.html]
[certy.px-lab.com/html/demo4/single-image.html]
[certy.px-lab.com/html/demo4/single-slider.html]
[certy.px-lab.com/html/demo4/single-youtube.html]
[certy.px-lab.com/html/demo4/single-vimeo.html]
[certy.px-lab.com/html/demo4/single-dailymotion.html]
[certy.px-lab.com/html/demo4/single-soundcloud.html]
[certy.px-lab.com/html/demo4/assets/images/uploads/media/echo-hereweare.jpg]
[certy.px-lab.com/html/demo4/assets/images/uploads/media/echo-hereweare.mp4]
[certy.px-lab.com/html/demo4/assets/images/uploads/media/echo-hereweare.webm]
[certy.px-lab.com/html/demo4/single-video.html]
[certy.px-lab.com/html/demo4/assets/images/uploads/media/echo-hereweare.mp3]
[certy.px-lab.com/html/demo4/single-audio.html]
[certy.px-lab.com/html/demo4/contact.html]
[certy.px-lab.com/html/demo4/assets/images/uploads/experience/logo-audio-jungle.png]
[certy.px-lab.com/html/demo4/assets/images/uploads/experience/logo-themeforest.png]
[certy.px-lab.com/html/demo4/assets/images/uploads/experience/logo-envato.png]
[certy.px-lab.com/html/demo4/experience.html]
[certy.px-lab.com/html/demo4/assets/images/uploads/avatar/avatar-54x54-01.png]
[certy.px-lab.com/html/demo4/assets/images/uploads/avatar/avatar-54x54-02.png]
[certy.px-lab.com/html/demo4/assets/images/uploads/clients/logo-wordpress.png]
[certy.px-lab.com/html/demo4/assets/images/uploads/clients/logo-compass.png]
[certy.px-lab.com/html/demo4/assets/images/uploads/clients/logo-jquery.png]
[certy.px-lab.com/html/demo4/assets/images/uploads/clients/logo-teaspoon.png]
[certy.px-lab.com/html/demo4/assets/images/uploads/clients/logo-evernote.png]
[certy.px-lab.com/html/demo4/assets/images/uploads/clients/logo-bootstrap.png]
[certy.px-lab.com/html/demo4/testimonials.html]
[certy.px-lab.com/html/demo4/assets/images/uploads/signature.svg]
[certy.px-lab.com/html/demo4/assets/js/vendor/jquery-1.12.4.min.js]
[certy.px-lab.com/html/demo4/assets/js/plugins.min.js]
[certy.px-lab.com/html/demo4/assets/js/theme.min.js]
[certy.px-lab.com/html/demo4/assets/fonts/icomoon/fonts/icomoond3a2.svg]
[certy.px-lab.com/html/demo4/assets/css/mCSB_buttons.html]
[certy.px-lab.com/html/demo4/www.sitedomen.html]
[certy.px-lab.com/html/demo4/assets/images/uploads/site/img-838x342.html]
